

DATE:  4/30/2020           ABC DEPARTMENT STORE                 PAGE   1        
TIME: 08:01PM               CLERK NAME REPORT                                   
TYLER SATHER                                                                    

DATE OF      ACCOUNT                                           PURCHASE         
PURCHASE     NUMBER  CUSTOMER NAME        CLERK NAME           AMOUNT           
-----------  ------- -------------------- -------------------- ---------        
30-AUG-2001  100101  ALBERT, PETER A.     ROGER CARTER         $  330.89        
25-AUG-2001  100103  ALLENSON, SHEILA M.  SUSAN ANTON          $  874.30        
01-SEP-2001  100105  ANDERSON, ALENE T.   ROY KELSEY           $  535.90        
26-AUG-2001  100107  BILLINGS, BARBARA    BETTY MEYERSON       $  174.50        
26-AUG-2001  100110  CANNON, FREDDY B.B.  RODNEY ALLEN         $   40.60        
29-AUG-2001  100113  CHAPMAN, CHARLES M.  SAM STONE            $  160.00        
27-AUG-2001  100125  CLAFFLIN, WALTER E.  SUSAN ANTON          $  230.85        
27-AUG-2001  100127  COMPANA, ESTER       BETTY MEYERSON       $  100.00        
28-AUG-2001  100141  COOPER, BART B.      ANNA SANCHEZ         $   30.89        
28-AUG-2001  100153  CRAIG, BOBO B.       ROY KELSEY           $   24.30        
28-AUG-2001  100166  DOGGINS, CARL        ANNA SANCHEZ         $  150.00        
29-AUG-2001  100169  DOWNING, M. JR.      ROGER CARTER         $  395.50        
27-AUG-2001  100180  DRIFT, ELWOOD G.     BETTY MEYERSON       $    4.60        
29-AUG-2001  100193  ERIKSON, LEAF E.     BETTY MEYERSON       $    9.40        
28-AUG-2001  100225  FREELAND, ROBERT A.  ANNA SANCHEZ         $  387.90        
26-AUG-2001  100247  FRONT, EDDIE         JOHN ADAMS           $  114.50        
30-AUG-2001  100301  GARCIA, JOSE I.      RODNEY ALLEN         $   67.00        
02-SEP-2001  100313  HATFIELD, BRADLEY    SUSAN ANTON          $   84.50        
30-AUG-2001  100345  HELLER, HELEN H.     BETTY MEYERSON       $   85.90        
30-AUG-2001  100357  HENDRIX, JAMES D.    ROY KELSEY           $   71.50        
01-SEP-2001  100360  ISLANDER, JENNEY     RODNEY ALLEN         $  240.00        
01-SEP-2001  100383  LADA, LAWRENCE       SAM STONE            $    9.50        
03-SEP-2001  100385  LADD, WALTER         SUSAN ANTON          $  145.20        
01-SEP-2001  100397  LAMB, FREDRICK E.    ROY KELSEY           $  111.50        
02-SEP-2001  100440  LEELAND, WESLEY      ANNA SANCHEZ         $   30.89        
02-SEP-2001  100453  LOFTIS, DOUGLAS L.   BETTY MEYERSON       $  190.00        
02-SEP-2001  100461  MILLER, SUSAN S.     ANNA SANCHEZ         $  104.50        
03-SEP-2001  100469  MUDGLEY, BRENDA      SUSAN ANTON          $  210.00        
03-SEP-2001  100480  NICKELS, KATHY       BETTY MEYERSON       $  120.60        
01-SEP-2001  100493  NOWAKOWSKI, WILLIAM  SAM STONE            $   24.40        
03-SEP-2001  100535  PATTERSON, PATRICK   ROGER CARTER         $  140.00        
03-SEP-2001  100547  PETERSON, ROBERT A.  JOHN ADAMS           $   92.50        
26-AUG-2001  100551  POTTER, WINFRED I.   ROGER CARTER         $   30.25        
04-SEP-2001  100563  PUCKETT, CHARLIE M.  SUSAN ANTON          $  874.30        
04-SEP-2001  100605  PYLE, G. ALFRED      ROY KELSEY           $  305.00        
25-AUG-2001  100617  RASKIN, RUTH ANN     BETTY MEYERSON       $  124.00        
04-SEP-2001  100710  RAYMOND, RONALD      RODNEY ALLEN         $  230.00        
01-SEP-2001  100713  REYNOLDS, LARRY      SAM STONE            $  350.00        
04-SEP-2001  100735  RICHMOND, RICHARD    SUSAN ANTON          $  260.95        
04-SEP-2001  100787  ROAMES, RICHARD      BETTY MEYERSON       $  955.00        
05-SEP-2001  100811  SANDERSON, PAULETTE  ANNA SANCHEZ         $    6.02        
05-SEP-2001  100843  SINGER, ALEXIS E.    ROY KELSEY           $    4.30        
05-SEP-2001  100886  SUMMERS, SUSAN       ANNA SANCHEZ         $   90.50        
05-SEP-2001  100909  SWEET, VIRGIL        ROGER CARTER         $  255.50        
04-SEP-2001  100940  SWIFT, RANDOLPH      BETTY MEYERSON       $    2.40        
03-SEP-2001  100993  TANDY, SANDI         BETTY MEYERSON       $   12.45        
02-SEP-2001  200025  TERRY, LARRY M.      ANNA SANCHEZ         $  650.00        
01-SEP-2001  200047  THOMPSON, RODNEY     JOHN ADAMS           $  234.60        

DATE:  4/30/2020           ABC DEPARTMENT STORE                 PAGE   2        
TIME: 08:01PM               CLERK NAME REPORT                                   
TYLER SATHER                                                                    

DATE OF      ACCOUNT                                           PURCHASE         
PURCHASE     NUMBER  CUSTOMER NAME        CLERK NAME           AMOUNT           
-----------  ------- -------------------- -------------------- ---------        
30-AUG-2001  200111  TONEY, ANTHONY A.    RODNEY ALLEN         $  130.00        
30-AUG-2001  200123  TOYOTA, SEMINEW      SUSAN ANTON          $  140.50        
26-AUG-2001  200245  TYLANDI, SHONI       BETTY MEYERSON       $   65.00        
27-AUG-2001  200357  UPLAND, JILL O.      ROY KELSEY           $  131.50        
01-SEP-2001  200360  UZUBELL, RINGA       RODNEY ALLEN         $  160.00        
25-AUG-2001  200383  VANBUREN, WINSTON    SAM STONE            $    4.50        
02-SEP-2001  200485  VANWINKLE, RALPH     SUSAN ANTON          $  395.50        
02-SEP-2001  200557  VONRYAN, ERICK       ROY KELSEY           $  172.50        
29-AUG-2001  200646  VYLASTIC, JAYLAND    ANNA SANCHEZ         $   30.95        
05-SEP-2001  200753  WALLACE, MICHAEL     BETTY MEYERSON       $  380.00        
01-SEP-2001  200871  WALTON, JOHN B.      ANNA SANCHEZ         $  154.50        
25-AUG-2001  300069  WILLIAMS, RONDA      SUSAN ANTON          $  310.00        
27-AUG-2001  300281  WYMAN, JANE          BETTY MEYERSON       $  320.00        
28-AUG-2001  300333  YULANE, WANDA        SAM STONE            $   14.40        
03-SEP-2001  300415  ZIPPO, ARTHUR        ROGER CARTER         $  120.00        
04-SEP-2001  300444  ZOONEY, WILLIAM      JOHN ADAMS           $   30.00        

                  TOTAL RECORDS PROCESSED =   64                                
                  TOTAL PURCHASES =   $12,236.74                                
                        END OF REPORT                                           