

DATE:  4/29/2020               EZ AUTO SALES                          PAGE   1  
TIME:  5:44PM             CUSTOMER ADDRESS REPORT                               

CUSTOMER             STREET               AUTO                 PURCHASE         
NAME                 ADDRESS              MAKE                 PRICE      SAT.  
-------------------- -------------------- -------------------- ---------  ----  
JOHNSON, JACK        7645 HOWARD AVE.                           =,500.00  DISS  
FOWLER, KATHLEEN     7808 STURDY ROAD     AUBURN               13,000.00  UND   
GOEBEL, NANCY K.     444 KENNEDY AVE.     AUBURN               14,090.00  DISS  
HORNSBY, ROGERS      1792 WHITLEY AVE.    AUBURN               11,000.00  UND   
PATTERSON, LENNI R.  1020 BUTTERFIELD RD. AUBURN               10,000.00  UND   
BLONDELL, BONNIE     1011 BELVIEW DR.     CHEVROLET             3,400.00  DISS  
CRACKLIN, GOODMAN    876 JOE MARTIN RD.   CHEVROLET             8,500.00  DISS  
DENNICK, DONNA       5505 GREENE ST.      CHEVROLET            11,000.00  DISS  
EATON, ESTER B.      5520 E. PAYTON ST.   CHEVROLET            11,000.00  DISS  
FLANNERY, JAMES      50 W. EAST STREET    CHEVROLET             5,000.00  DISS  
GENNERRO, TONY S.    98 W. LINCOLN HWY.   CHEVROLET             4,500.00  DISS  
NORRIS, CHARLES S.   2529 W. 86TH AVE.    CHEVROLET             8,440.00  DISS  
REED, ROBERT B.      455 ENTERPRISE WAY   CHEVROLET             8,000.50  DISS  
WARNER, JACK         11223 SUNSET DRIVE   CHEVROLET             3,500.00  DISS  
CALBERT, RONALD      2021 CRESTWOOD DR.   DODGE BROS.          13,000.00  SAT   
CHELSEA, MARTHA S.   1823 N. ADAMS        DODGE BROS.           8,000.00  DISS  
FARNSWORTH, WESLEY   840 DIRT ROAD        DODGE BROS.           9,000.00  DISS  
LEVANDOWSKI, JILL    52123 ROOSEVELT RD.  DODGE BROS.           3,600.00  UND   
NOWAKOWSKI, ALFRED   1991 KING BLVD.      DODGE BROS.           3,000.00  UND   
RODRIGUEZ, ALONZO    91 W. 114TH NORTH    DODGE BROS.          11,000.00  DISS  
ALBERT, CARL T.      123 EAST STREET      FORD                  3,550.00  SAT   
ANDREWS, ROBERT      10202 WEST 73RD      FORD                  7,200.00  DISS  
BEZZMEK, JENNIFER    239 COLORADO ST.     FORD                  2,550.00  DISS  
BONADIO, JAMES       23W. 123 NORTH       FORD                 10,000.00  SAT   
BYMANN, FREDRICK     349 W. 73RD AVE.     FORD                  4,300.00  UND   
COOPER, JOHNATHAN    7021 CONGRESS PKWY.  FORD                  9,050.00  SAT   
COREY, SARAH D.      1756 CONKEY ROAD     FORD                 11,500.00  DISS  
DALTON, DAVID P.     6621 183RD AVE.      FORD                 12,000.00  SAT   
DUNLOP, RITA         8008 W. 93RD AVE.    FORD                  8,900.00  SAT   
DYKES, CYNTHIA       9420 STATE RD. 49    FORD                  7,000.00  UND   
GALLAGHER, CLARENCE  4521 MANARD ROAD     FORD                 11,000.00  DISS  
IDZIOR, RAYMOND      109 WASHINGTON ST.   FORD                  8,700.00  DISS  
JENNINGS, WILLIAM    774 N. JEFFERSON     FORD                  6,800.00  UND   
PERRY, SHAMUS        515 BEVERLY STREET   FORD                  7,500.00  SAT   
TORREZ, MARTIN       391 MONROE, APT. 12  FORD                  5,000.00  DISS  
TUTTLE, MARK         905 APPLE ORCHARD    FORD                  8,200.00  UND   
ANZIO, RAFELINO      3495 WELMONT ROAD    HUDSON                5,000.50  SAT   
BLAKE, DONALD        925 LINCOLN HIGHWAY  HUDSON               12,000.00  SAT   
COLEMAN, THOMAS      1903 THOMAS DR.      HUDSON               10,000.00  UND   
COLWELL, RICHARD L.  542 OAKLAND CIRCLE   HUDSON                3,000.50  DISS  
CYBORG, IZORE M.     456 LAKESHORE DR.    HUDSON                3,300.00  UND   
DOPPLER, RADAR O.    1212 BUCKLEY ROAD    HUDSON                4,000.00  UND   
FURNACE, DAVID       404 EASY STREET      HUDSON                7,000.00  UND   
HANCOCK, JONATHON    3101 CHECKER ST.     HUDSON                5,000.00  UND   
HARTNETT, ROBERTO    56 E. 89TH AVE.      HUDSON                4,200.00  DISS  
HYATT, JANET F.      98 BAKER STREET      HUDSON                4,500.00  UND   
ASHLEY, WILLIAM B.   4502 ASHLEY DRIVE    PIERCE-ARROW         10,500.00  DISS  
CLAFLIN, WAYNE R.    4575 HIGHLAND PKWY.  PIERCE-ARROW         15,000.00  DISS  
COLE, CHARLES C.     879 MISSISSIPPI ST.  PIERCE-ARROW         12,000.00  DISS  

DATE:  4/29/2020               EZ AUTO SALES                          PAGE   2  
TIME:  5:44PM             CUSTOMER ADDRESS REPORT                               

CUSTOMER             STREET               AUTO                 PURCHASE         
NAME                 ADDRESS              MAKE                 PRICE      SAT.  
-------------------- -------------------- -------------------- ---------  ----  
CRAWFORD, TIMOTHY    2122 HOWARD ST.      PIERCE-ARROW         12,000.00  DISS  
CURRIE, RAYMOND      45 N. ASHLAND AVE.   PIERCE-ARROW         11,500.25  SAT   
DERBIN, DEANNA       401 TAFT ST.         PIERCE-ARROW         14,000.00  SAT   
EFFLEY, BAILY        2200 BEATTY ST.      PIERCE-ARROW         12,000.00  SAT   
ERKLE, ROSA          2850 ROSEMONT ROAD   PIERCE-ARROW         13,000.00  SAT   
FOREMAN, OTTO J.     999 RIGHTWAY ROAD    PIERCE-ARROW         10,500.00  SAT   
GUNTHER, FREDERICK   707 JOLIET ROAD      PIERCE-ARROW         14,600.00  SAT   
HENNING, SONIA       606 MONUMENT CIRCLE  PIERCE-ARROW         12,000.00  SAT   
KULKA, ROBERT C.     8811 CLOVERLEAF      PIERCE-ARROW         12,000.00  SAT   
O'BOYLE, NIEL        4002 WHEELING ROAD   PIERCE-ARROW         13,000.00  DISS  
SANCHEZ, HENRY       8181 CHESTNUT LANE   PIERCE-ARROW          9,800.00  SAT   
YACKLEY, YOURTO      1185 PINTO STREET    PIERCE-ARROW         12,000.00  DISS  
ATKINSON, MARK       123 NORTH 109TH ST   STUDEBAKER              550.00  UND   
AVERY, ALFRED A.     45 W. GRAND BLVD.    STUDEBAKER            2,880.00  UND   
BUCKO, ONIEDA        4705 AINSWORTH RD.   STUDEBAKER            3,500.00  UND   
DAVIES, RALPH O.     9809 MORRIS DR.      STUDEBAKER           13,000.00  DISS  
DONNEHUE, PHILLIP    725 HARRISON AVE.    STUDEBAKER            1,080.00  UND   
EGGERTON, AMANDA     12123 HIGHWAY 6      STUDEBAKER            6,200.00  UND   
EPPLEY, DAVID        659 WISCONSIN ST.    STUDEBAKER            4,300.00  UND   
HAINES, MARSHALL     1912 MADISON AVE.    STUDEBAKER            6,000.00  UND   
KURTZ, DONALD        505 HICKEY STREET    STUDEBAKER            3,450.00  UND   
METZ, ARNOLD E.      1414 VIRGINIA ST.    STUDEBAKER           10,000.00  SAT   
O'BRIAN, PATRICK     4013 CHESTERFIELD    STUDEBAKER            5,000.00  UND   
SWARTZ, HECTOR       20021 MARTIN ROAD    STUDEBAKER            4,000.00  UND   

                     TOTAL CUSTOMERS LISTED   =          73                     
                     TOTAL CUSTOMER PURCHASES = $597,641.75                     

                                 END OF REPORT                                  